Script started on Mon Feb 23 10:01:20 2015
~
ikim025@hammer $ ls
[0m[38;5;27mDesktop[0m/                      [38;5;34ma.out[0m*                 [38;5;27mcs100[0m/                  [38;5;34mlab5_given.cpp[0m*
[38;5;27mDocuments[0m/                    all_machines_busy.asm  [38;5;34mengr1_hk2_ikim025.doc[0m*  machine_status.asm
[38;5;27mDownloads[0m/                    all_machines_free      [38;5;34mex1[0m*                    [38;5;34mmain[0m*
[38;5;34mInstinct_Reference_Full.pdf[0m*  all_machines_free.asm  [38;5;34mex1.o[0m*                  main.cpp
[38;5;27mMusic[0m/                        [38;5;9massn3.tgz[0m              [38;5;34mex2.cpp[0m*                menu.asm
[38;5;27mPictures[0m/                     [38;5;27massn5[0m/                 [38;5;34mex2.o[0m*                  num_busy_machines.asm
[38;5;27mPublic[0m/                       assn6.asm              [38;5;34mex3[0m*                    num_free_machines.asm
[38;5;27mTemplates[0m/                    [38;5;9massn6.tgz[0m              [38;5;34mex3.o[0m*                  [38;5;27mpractice[0m/
[38;5;34mUntitled 1.odt[0m*               [38;5;27mcs010[0m/                 first_free.asm          q.log
[38;5;27mVideos[0m/                       [38;5;27mcs10[0m/                  [38;5;34mgeany_run_script.sh[0m*    src
[m~
ikim025@hammer $ cd cs100
~/cs100
ikim025@hammer $ ls
[0m[38;5;27mrshell[0m/
[m~/cs100
ikim025@hammer $ cd rshell
~/cs100/rshell
ikim025@hammer $ ls
LICENSE  Makefile  README.md  [0m[38;5;27msrc[0m/  [38;5;27mtest[0m/
[m~/cs100/rshell
ikim025@hammer $ make
mkdir bin || [-d bin]
g++ -ansi -pedantic -Wall -Werror src/rshell.cpp -o bin/rshell
g++ -ansi -pedantic -Wall -Werror src/ls.cpp -o bin/ls
~/cs100/rshell
ikim025@hammer $ ls
LICENSE  Makefile  README.md  [0m[38;5;27mbin[0m/  [38;5;27msrc[0m/  [38;5;27mtest[0m/
[m~/cs100/rshell
ikim025@hammer $ bin/rshell
$ ls
LICENSE  Makefile  README.md  bin  src	test
$ echo b testing these bad guys
testing these bad guys
$ echo testing these bad guys > e user    test   
$ ls
LICENSE  Makefile  README.md  bin  src	t  test
$ cat t
testing these bad guys
$ echo testing these bad guys < t
testing these bad guys
$ ls
LICENSE  Makefile  README.md  bin  src	t  test
$ pipe does not work
execution: No such file or directory
$ exit
execution: No such file or directory
$ ^C
~/cs100/rshell
ikim025@hammer $ exit
exit

Script done on Mon Feb 23 10:02:28 2015
